// Jest Snapshot v1, https://goo.gl/fbAQLP

exports[`FMultiSelect Snapshots defaults 1`] = `
<div
  class="v-input v-text-field v-select theme--light"
  role="combobox"
>
  <div
    class="v-input__control"
  >
    <div
      class="v-input__slot"
    >
      <div
        class="v-select__slot"
      >
        <div
          class="v-select__selections"
        >
          <input
            aria-readonly="false"
            autocomplete="on"
            readonly="readonly"
            type="text"
          />
        </div>
        <div
          class="v-input__append-inner"
        >
          <div
            class="v-input__icon v-input__icon--append"
          >
            <i
              aria-hidden="true"
              class="v-icon material-icons theme--light"
            >
              arrow_drop_down
            </i>
          </div>
        </div>
      </div>
      <div
        class="v-menu"
      >
        <div
          class="v-menu__content theme--light "
          style="max-height: 300px; min-width: 0px; max-width: auto; top: 12px; left: 0px; transform-origin: top left; z-index: 0; display: none;"
        >
          <div
            class="v-select-list v-card theme--light"
          >
            <div
              class="v-list theme--light"
              role="list"
            >
              <div
                role="listitem"
              >
                <a
                  class="v-list__tile v-list__tile--link theme--light"
                >
                  <div
                    class="v-list__tile__action"
                  >
                    <i
                      aria-hidden="true"
                      class="v-icon far fa-square theme--light"
                    />
                  </div>
                   
                  <div
                    class="v-list__tile__content"
                  >
                    <div
                      class="v-list__tile__title"
                    >
                      All Options
                    </div>
                  </div>
                </a>
              </div>
               
              <hr
                class="mt-2 v-divider theme--light"
              />
              <div
                role="listitem"
              >
                <a
                  class="v-list__tile v-list__tile--link theme--light"
                >
                  <div
                    class="v-list__tile__action"
                  >
                    <div
                      class="v-input v-input--selection-controls v-input--checkbox theme--light"
                    >
                      <div
                        class="v-input__control"
                      >
                        <div
                          class="v-input__slot"
                        >
                          <div
                            class="v-input--selection-controls__input"
                          >
                            <input
                              aria-checked="false"
                              role="checkbox"
                              type="checkbox"
                              value=""
                            />
                            <div
                              class="v-input--selection-controls__ripple"
                            />
                            <i
                              aria-hidden="true"
                              class="v-icon material-icons theme--light"
                            >
                              check_box_outline_blank
                            </i>
                          </div>
                        </div>
                        <div
                          class="v-messages theme--light"
                        >
                          <div
                            class="v-messages__wrapper"
                          />
                        </div>
                      </div>
                    </div>
                  </div>
                  <div
                    class="v-list__tile__content"
                  >
                    <div
                      class="v-list__tile__title"
                    >
                      [object Object]
                    </div>
                  </div>
                </a>
              </div>
              <div
                role="listitem"
              >
                <a
                  class="v-list__tile v-list__tile--link theme--light"
                >
                  <div
                    class="v-list__tile__action"
                  >
                    <div
                      class="v-input v-input--selection-controls v-input--checkbox theme--light"
                    >
                      <div
                        class="v-input__control"
                      >
                        <div
                          class="v-input__slot"
                        >
                          <div
                            class="v-input--selection-controls__input"
                          >
                            <input
                              aria-checked="false"
                              role="checkbox"
                              type="checkbox"
                              value=""
                            />
                            <div
                              class="v-input--selection-controls__ripple"
                            />
                            <i
                              aria-hidden="true"
                              class="v-icon material-icons theme--light"
                            >
                              check_box_outline_blank
                            </i>
                          </div>
                        </div>
                        <div
                          class="v-messages theme--light"
                        >
                          <div
                            class="v-messages__wrapper"
                          />
                        </div>
                      </div>
                    </div>
                  </div>
                  <div
                    class="v-list__tile__content"
                  >
                    <div
                      class="v-list__tile__title"
                    >
                      [object Object]
                    </div>
                  </div>
                </a>
              </div>
              <div
                role="listitem"
              >
                <a
                  class="v-list__tile v-list__tile--link theme--light"
                >
                  <div
                    class="v-list__tile__action"
                  >
                    <div
                      class="v-input v-input--selection-controls v-input--checkbox theme--light"
                    >
                      <div
                        class="v-input__control"
                      >
                        <div
                          class="v-input__slot"
                        >
                          <div
                            class="v-input--selection-controls__input"
                          >
                            <input
                              aria-checked="false"
                              role="checkbox"
                              type="checkbox"
                              value=""
                            />
                            <div
                              class="v-input--selection-controls__ripple"
                            />
                            <i
                              aria-hidden="true"
                              class="v-icon material-icons theme--light"
                            >
                              check_box_outline_blank
                            </i>
                          </div>
                        </div>
                        <div
                          class="v-messages theme--light"
                        >
                          <div
                            class="v-messages__wrapper"
                          />
                        </div>
                      </div>
                    </div>
                  </div>
                  <div
                    class="v-list__tile__content"
                  >
                    <div
                      class="v-list__tile__title"
                    >
                      [object Object]
                    </div>
                  </div>
                </a>
              </div>
              <div
                role="listitem"
              >
                <a
                  class="v-list__tile v-list__tile--link theme--light"
                >
                  <div
                    class="v-list__tile__action"
                  >
                    <div
                      class="v-input v-input--selection-controls v-input--checkbox theme--light"
                    >
                      <div
                        class="v-input__control"
                      >
                        <div
                          class="v-input__slot"
                        >
                          <div
                            class="v-input--selection-controls__input"
                          >
                            <input
                              aria-checked="false"
                              role="checkbox"
                              type="checkbox"
                              value=""
                            />
                            <div
                              class="v-input--selection-controls__ripple"
                            />
                            <i
                              aria-hidden="true"
                              class="v-icon material-icons theme--light"
                            >
                              check_box_outline_blank
                            </i>
                          </div>
                        </div>
                        <div
                          class="v-messages theme--light"
                        >
                          <div
                            class="v-messages__wrapper"
                          />
                        </div>
                      </div>
                    </div>
                  </div>
                  <div
                    class="v-list__tile__content"
                  >
                    <div
                      class="v-list__tile__title"
                    >
                      [object Object]
                    </div>
                  </div>
                </a>
              </div>
              <div
                role="listitem"
              >
                <a
                  class="v-list__tile v-list__tile--link theme--light"
                >
                  <div
                    class="v-list__tile__action"
                  >
                    <div
                      class="v-input v-input--selection-controls v-input--checkbox theme--light"
                    >
                      <div
                        class="v-input__control"
                      >
                        <div
                          class="v-input__slot"
                        >
                          <div
                            class="v-input--selection-controls__input"
                          >
                            <input
                              aria-checked="false"
                              role="checkbox"
                              type="checkbox"
                              value=""
                            />
                            <div
                              class="v-input--selection-controls__ripple"
                            />
                            <i
                              aria-hidden="true"
                              class="v-icon material-icons theme--light"
                            >
                              check_box_outline_blank
                            </i>
                          </div>
                        </div>
                        <div
                          class="v-messages theme--light"
                        >
                          <div
                            class="v-messages__wrapper"
                          />
                        </div>
                      </div>
                    </div>
                  </div>
                  <div
                    class="v-list__tile__content"
                  >
                    <div
                      class="v-list__tile__title"
                    >
                      [object Object]
                    </div>
                  </div>
                </a>
              </div>
            </div>
          </div>
        </div>
      </div>
    </div>
    <div
      class="v-text-field__details"
    >
      <div
        class="v-messages theme--light"
      >
        <div
          class="v-messages__wrapper"
        />
      </div>
    </div>
  </div>
</div>
`;
